
    ┃
    ┃  ┏━━━━┓      ▁▁▁▁                   ▁▁    ▁▁▁▁
    ┃  ┃    ┃     ╱ ▁▁ ╲▁▁▁▁  ▁▁▁  ▁▁▁▁  ╱ ╱   ╱ ▁▁ ╲
 ┏━━╋━┓┃    ┃    ╱ ╱ ╱ ╱ ▁▁ ╲╱ ▁ ╲╱ ▁▁ ╲╱ ╱   ╱ ╱▁╱ ╱
 ┃  ┗━╋╋━━━━┻┓  ╱ ╱▁╱ ╱ ╱▁╱ ╱  ▁▁╱ ╱ ╱ ╱ ╱▁▁▁╱ ╱▁╱ ╱
 ┃    ┃┃     ┃  ╲▁▁▁▁╱ ▁▁▁▁╱╲▁▁▁╱▁╱ ╱▁╱▁▁▁▁▁╱▁▁▁▁▁╱
 ┗━━━━┛┃     ┃      ╱▁╱ ==========================>>
       ┗━━━━━┛

[initialize] Version  : 5953d8a-dirty
[initialize] Platform : CPU_SISD
[initialize] Parallel : MPI
[initialize] MPI      : 1 ranks
[ThreadPool] Sucessfully initialized, numThreads=1
[Directories] Directory output/step6E_freesurface_h65_dx5_sigma00309_20260910/imageData/ created.
[Directories] Directory output/step6E_freesurface_h65_dx5_sigma00309_20260910/imageData/data/ created.
[Directories] Directory output/step6E_freesurface_h65_dx5_sigma00309_20260910/vtkData/ created.
[Directories] Directory output/step6E_freesurface_h65_dx5_sigma00309_20260910/vtkData/data/ created.
[Directories] Directory output/step6E_freesurface_h65_dx5_sigma00309_20260910/gnuplotData/ created.
[Directories] Directory output/step6E_freesurface_h65_dx5_sigma00309_20260910/gnuplotData/data/ created.
[Directories] Directory output/step6E_freesurface_h65_dx5_sigma00309_20260910/introspectionData/ created.
step6E_freesurface_h65_dx5_sigma00309_20260910 PASS=0 step=1602 fill=0.0250068
--------------------------------------------------------------------------
Primary job  terminated normally, but 1 process returned
a non-zero exit code. Per user-direction, the job has been aborted.
--------------------------------------------------------------------------
--------------------------------------------------------------------------
mpirun detected that one or more processes exited with non-zero status, thus causing
the job to be terminated. The first process to do so was:

  Process name: [[63059,1],0]
  Exit code:    3
--------------------------------------------------------------------------
