
    ┃
    ┃  ┏━━━━┓      ▁▁▁▁                   ▁▁    ▁▁▁▁
    ┃  ┃    ┃     ╱ ▁▁ ╲▁▁▁▁  ▁▁▁  ▁▁▁▁  ╱ ╱   ╱ ▁▁ ╲
 ┏━━╋━┓┃    ┃    ╱ ╱ ╱ ╱ ▁▁ ╲╱ ▁ ╲╱ ▁▁ ╲╱ ╱   ╱ ╱▁╱ ╱
 ┃  ┗━╋╋━━━━┻┓  ╱ ╱▁╱ ╱ ╱▁╱ ╱  ▁▁╱ ╱ ╱ ╱ ╱▁▁▁╱ ╱▁╱ ╱
 ┃    ┃┃     ┃  ╲▁▁▁▁╱ ▁▁▁▁╱╲▁▁▁╱▁╱ ╱▁╱▁▁▁▁▁╱▁▁▁▁▁╱
 ┗━━━━┛┃     ┃      ╱▁╱ ==========================>>
       ┗━━━━━┛

[initialize] Version  : 5953d8a-dirty
[initialize] Platform : CPU_SISD
[initialize] Parallel : MPI
[initialize] MPI      : 1 ranks
[ThreadPool] Sucessfully initialized, numThreads=1
[Directories] Directory ./output/dx5_formal_20260905/imageData/ created.
[Directories] Directory ./output/dx5_formal_20260905/imageData/data/ created.
[Directories] Directory ./output/dx5_formal_20260905/vtkData/data/ created.
[Directories] Directory ./output/dx5_formal_20260905/gnuplotData/ created.
[Directories] Directory ./output/dx5_formal_20260905/gnuplotData/data/ created.
[Directories] Directory ./output/dx5_formal_20260905/introspectionData/ created.
[Case] 
[Case] -- OpenLB Case Components --
[Case] names::NavierStokes = SuperLattice<double, olb::descriptors::D3Q19<olb::descriptors::FORCE> >
[Case] 
[Case] -- Parameters --
[Case] PHYS_DELTA_X               = 5e-09
[Case] PHYS_VTK_ITER_T            = 3e-08
[Case] CONVERGENCE_PRECISION      = 1e-06
[Case] MAX_PHYS_T                 = 3e-07
[Case] OVERLAP                    = 3
[Case] LATTICE_RELAXATION_TIME    = 1
[Case] WALL_WIDTH                 = 1.2e-07
[Case] PHYS_CHAR_DENSITY          = 1000
[Case] GROOVE_WIDTH               = 1.2e-07
[Case] INTERVAL_CONVERGENCE_CHECK = 1.2e-08
[Case] CHANNEL_HEIGHT             = 6.5e-08
[Case] DOMAIN_LY                  = 2.4e-07
[Case] PHYS_CHAR_VELOCITY         = 1
[Case] PHYS_CHAR_VISCOSITY        = 1e-06
[Case] BODY_FORCE_ACCEL           = 1e+08
[Case] BODY_FORCE_ACCEL_X         = 1e+06
[Case] PHYS_CHAR_LENGTH           = 2.4e-07
[Case] CHECK_BXX                  = 0
[Case] NUM_GROOVES                = 2
[Case] RESOLUTION                 = 48
[Case] 
[SuperGeometry3D] cleaned 0 inner boundary voxel(s)
[SuperGeometryStatistics3D] updated
[SuperGeometry3D] the model is correct!
[CuboidDecomposition] -- Cuboid Structure Statistics --
[CuboidDecomposition]  Number of Cuboids: 	1
[CuboidDecomposition]  Delta       : 		5e-09
[CuboidDecomposition]  Ratio  (min): 		0.165289
[CuboidDecomposition]         (max): 		2.46939
[CuboidDecomposition]  Nodes  (min): 		118580
[CuboidDecomposition]         (max): 		118580
[CuboidDecomposition]  Weight (min): 		118580
[CuboidDecomposition]         (max): 		118580
[CuboidDecomposition] ---------------------------------
[SuperGeometryStatistics3D] materialNumber=1; count=32928; minPhysR=(1.2e-07,0,0); maxPhysR=(4.75e-07,2.4e-07,6.5e-08)
[SuperGeometryStatistics3D] materialNumber=2; count=85652; minPhysR=(0,0,-1.5e-08); maxPhysR=(6e-07,2.4e-07,8e-08)
[SuperGeometryStatistics3D] countTotal[1e6]=0.11858
[prepareGeometry] Prepare Geometry ... OK
[UnitConverter] ----------------- UnitConverter information -----------------
[UnitConverter] -- Parameters:
[UnitConverter] Resolution:                       N=              48
[UnitConverter] Lattice velocity:                 latticeU=       0.000833333
[UnitConverter] Lattice relaxation frequency:     omega=          1
[UnitConverter] Lattice relaxation time:          tau=            1
[UnitConverter] Characteristical length(m):       charL=          2.4e-07
[UnitConverter] Characteristical speed(m/s):      charU=          1
[UnitConverter] Phys. kinematic viscosity(m^2/s): charNu=         1e-06
[UnitConverter] Phys. density(kg/m^d):            charRho=        1000
[UnitConverter] Characteristical pressure(N/m^2): charPressure=   0
[UnitConverter] Mach number:                      machNumber=     0.00144338
[UnitConverter] Reynolds number:                  reynoldsNumber= 0.24
[UnitConverter] Knudsen number:                   knudsenNumber=  0.00601407
[UnitConverter] Characteristical CFL number:      charCFLnumber=  0.000833333
[UnitConverter] 
[UnitConverter] -- Conversion factors:
[UnitConverter] Voxel length(m):                  physDeltaX=     5e-09
[UnitConverter] Time step(s):                     physDeltaT=     4.16667e-12
[UnitConverter] Velocity factor(m/s):             physVelocity=   1200
[UnitConverter] Density factor(kg/m^3):           physDensity=    1000
[UnitConverter] Mass factor(kg):                  physMass=       1.25e-22
[UnitConverter] Viscosity factor(m^2/s):          physViscosity=  6e-06
[UnitConverter] Force factor(N):                  physForce=      3.6e-08
[UnitConverter] Pressure factor(N/m^2):           physPressure=   1.44e+09
[UnitConverter] -------------------------------------------------------------
[prepareLattice] Prepare Lattice ... OK
[getResults] iT=0 t=0  Qy=1.02361e-17 m^3/s  qy=0.000262464 m/s  uAvg=0.000656161 m/s  uMax=0.000625 m/s  B_yy=2.62464e-18 m^2
[getResults] iT=200 t=8.33333e-10  Qy=3.96254e-16 m^3/s  qy=0.0101604 m/s  uAvg=0.0254009 m/s  uMax=0.0462985 m/s  B_yy=1.01604e-16 m^2
[getResults] iT=400 t=1.66667e-09  Qy=4.34079e-16 m^3/s  qy=0.0111302 m/s  uAvg=0.0278255 m/s  uMax=0.0517865 m/s  B_yy=1.11302e-16 m^2
[getResults] iT=600 t=2.5e-09  Qy=4.38039e-16 m^3/s  qy=0.0112318 m/s  uAvg=0.0280794 m/s  uMax=0.0523621 m/s  B_yy=1.12318e-16 m^2
[getResults] iT=800 t=3.33333e-09  Qy=4.38454e-16 m^3/s  qy=0.0112424 m/s  uAvg=0.028106 m/s  uMax=0.0524224 m/s  B_yy=1.12424e-16 m^2
[getResults] iT=1000 t=4.16667e-09  Qy=4.38498e-16 m^3/s  qy=0.0112435 m/s  uAvg=0.0281088 m/s  uMax=0.0524287 m/s  B_yy=1.12435e-16 m^2
[getResults] iT=1200 t=5e-09  Qy=4.38502e-16 m^3/s  qy=0.0112437 m/s  uAvg=0.0281091 m/s  uMax=0.0524294 m/s  B_yy=1.12437e-16 m^2
[getResults] iT=1400 t=5.83333e-09  Qy=4.38503e-16 m^3/s  qy=0.0112437 m/s  uAvg=0.0281092 m/s  uMax=0.0524294 m/s  B_yy=1.12437e-16 m^2
[getResults] iT=1600 t=6.66667e-09  Qy=4.38503e-16 m^3/s  qy=0.0112437 m/s  uAvg=0.0281092 m/s  uMax=0.0524294 m/s  B_yy=1.12437e-16 m^2
[getResults] iT=1800 t=7.5e-09  Qy=4.38503e-16 m^3/s  qy=0.0112437 m/s  uAvg=0.0281092 m/s  uMax=0.0524294 m/s  B_yy=1.12437e-16 m^2
[getResults] iT=2000 t=8.33333e-09  Qy=4.38503e-16 m^3/s  qy=0.0112437 m/s  uAvg=0.0281092 m/s  uMax=0.0524294 m/s  B_yy=1.12437e-16 m^2
[getResults] iT=2200 t=9.16667e-09  Qy=4.38503e-16 m^3/s  qy=0.0112437 m/s  uAvg=0.0281092 m/s  uMax=0.0524294 m/s  B_yy=1.12437e-16 m^2
[getResults] iT=2400 t=1e-08  Qy=4.38503e-16 m^3/s  qy=0.0112437 m/s  uAvg=0.0281092 m/s  uMax=0.0524294 m/s  B_yy=1.12437e-16 m^2
[getResults] iT=2600 t=1.08333e-08  Qy=4.38503e-16 m^3/s  qy=0.0112437 m/s  uAvg=0.0281092 m/s  uMax=0.0524294 m/s  B_yy=1.12437e-16 m^2
[getResults] iT=2800 t=1.16667e-08  Qy=4.38503e-16 m^3/s  qy=0.0112437 m/s  uAvg=0.0281092 m/s  uMax=0.0524294 m/s  B_yy=1.12437e-16 m^2
[getResults] iT=3000 t=1.25e-08  Qy=4.38503e-16 m^3/s  qy=0.0112437 m/s  uAvg=0.0281092 m/s  uMax=0.0524294 m/s  B_yy=1.12437e-16 m^2
[getResults] iT=3200 t=1.33333e-08  Qy=4.38503e-16 m^3/s  qy=0.0112437 m/s  uAvg=0.0281092 m/s  uMax=0.0524294 m/s  B_yy=1.12437e-16 m^2
[getResults] iT=3400 t=1.41667e-08  Qy=4.38503e-16 m^3/s  qy=0.0112437 m/s  uAvg=0.0281092 m/s  uMax=0.0524294 m/s  B_yy=1.12437e-16 m^2
[getResults] iT=3600 t=1.5e-08  Qy=4.38503e-16 m^3/s  qy=0.0112437 m/s  uAvg=0.0281092 m/s  uMax=0.0524294 m/s  B_yy=1.12437e-16 m^2
[getResults] iT=3800 t=1.58333e-08  Qy=4.38503e-16 m^3/s  qy=0.0112437 m/s  uAvg=0.0281092 m/s  uMax=0.0524294 m/s  B_yy=1.12437e-16 m^2
[getResults] iT=3909 t=1.62875e-08  Qy=4.38503e-16 m^3/s  qy=0.0112437 m/s  uAvg=0.0281092 m/s  uMax=0.0524294 m/s  B_yy=1.12437e-16 m^2
integrated diagnostic written to ./output/dx5_formal_20260905/mass_flux_diagnostic.csv
