
    ┃
    ┃  ┏━━━━┓      ▁▁▁▁                   ▁▁    ▁▁▁▁
    ┃  ┃    ┃     ╱ ▁▁ ╲▁▁▁▁  ▁▁▁  ▁▁▁▁  ╱ ╱   ╱ ▁▁ ╲
 ┏━━╋━┓┃    ┃    ╱ ╱ ╱ ╱ ▁▁ ╲╱ ▁ ╲╱ ▁▁ ╲╱ ╱   ╱ ╱▁╱ ╱
 ┃  ┗━╋╋━━━━┻┓  ╱ ╱▁╱ ╱ ╱▁╱ ╱  ▁▁╱ ╱ ╱ ╱ ╱▁▁▁╱ ╱▁╱ ╱
 ┃    ┃┃     ┃  ╲▁▁▁▁╱ ▁▁▁▁╱╲▁▁▁╱▁╱ ╱▁╱▁▁▁▁▁╱▁▁▁▁▁╱
 ┗━━━━┛┃     ┃      ╱▁╱ ==========================>>
       ┗━━━━━┛

[initialize] Version  : 1.8r1
[initialize] Platform : CPU_SISD
[initialize] Parallel : MPI
[initialize] MPI      : 1 ranks
[ThreadPool] Sucessfully initialized, numThreads=1
[Case] 
[Case] -- OpenLB Case Components --
[Case] names::NavierStokes = SuperLattice<double, olb::descriptors::D3Q19<olb::descriptors::FORCE> >
[Case] 
[Case] -- Parameters --
[Case] PHYS_DELTA_X               = 1.25e-09
[Case] PHYS_VTK_ITER_T            = 3e-08
[Case] CONVERGENCE_PRECISION      = 1e-06
[Case] WALL_WIDTH                 = 1.2e-07
[Case] PHYS_CHAR_DENSITY          = 1000
[Case] GROOVE_WIDTH               = 1.2e-07
[Case] MAX_PHYS_T                 = 3e-07
[Case] OVERLAP                    = 3
[Case] INTERVAL_CONVERGENCE_CHECK = 1.2e-08
[Case] CHANNEL_HEIGHT             = 6.5e-08
[Case] LATTICE_RELAXATION_TIME    = 1
[Case] DOMAIN_LY                  = 2e-08
[Case] PHYS_CHAR_VELOCITY         = 1
[Case] PHYS_CHAR_VISCOSITY        = 1e-06
[Case] BODY_FORCE_ACCEL           = 1e+06
[Case] NUM_GROOVES                = 2
[Case] RESOLUTION                 = 192
[Case] PHYS_CHAR_LENGTH           = 2.4e-07
[Case] 
[SuperGeometry3D] cleaned 0 inner boundary voxel(s)
[SuperGeometryStatistics3D] updated
[SuperGeometry3D] the model is correct!
[CuboidDecomposition] -- Cuboid Structure Statistics --
[CuboidDecomposition]  Number of Cuboids: 	1
[CuboidDecomposition]  Delta       : 		1.25e-09
[CuboidDecomposition]  Ratio  (min): 		0.122661
[CuboidDecomposition]         (max): 		28.2941
[CuboidDecomposition]  Nodes  (min): 		482443
[CuboidDecomposition]         (max): 		482443
[CuboidDecomposition]  Weight (min): 		482443
[CuboidDecomposition]         (max): 		482443
[CuboidDecomposition] ---------------------------------
[SuperGeometryStatistics3D] materialNumber=1; count=172992; minPhysR=(1.2e-07,0,-2.06795e-25); maxPhysR=(4.7875e-07,2e-08,6.5e-08)
[SuperGeometryStatistics3D] materialNumber=2; count=309451; minPhysR=(0,0,-3.75e-09); maxPhysR=(6e-07,2e-08,6.875e-08)
[SuperGeometryStatistics3D] countTotal[1e6]=0.482443
[prepareGeometry] Prepare Geometry ... OK
[UnitConverter] ----------------- UnitConverter information -----------------
[UnitConverter] -- Parameters:
[UnitConverter] Resolution:                       N=              192
[UnitConverter] Lattice velocity:                 latticeU=       0.000208333
[UnitConverter] Lattice relaxation frequency:     omega=          1
[UnitConverter] Lattice relaxation time:          tau=            1
[UnitConverter] Characteristical length(m):       charL=          2.4e-07
[UnitConverter] Characteristical speed(m/s):      charU=          1
[UnitConverter] Phys. kinematic viscosity(m^2/s): charNu=         1e-06
[UnitConverter] Phys. density(kg/m^d):            charRho=        1000
[UnitConverter] Characteristical pressure(N/m^2): charPressure=   0
[UnitConverter] Mach number:                      machNumber=     0.000360844
[UnitConverter] Reynolds number:                  reynoldsNumber= 0.24
[UnitConverter] Knudsen number:                   knudsenNumber=  0.00150352
[UnitConverter] Characteristical CFL number:      charCFLnumber=  0.000208333
[UnitConverter] 
[UnitConverter] -- Conversion factors:
[UnitConverter] Voxel length(m):                  physDeltaX=     1.25e-09
[UnitConverter] Time step(s):                     physDeltaT=     2.60417e-13
[UnitConverter] Velocity factor(m/s):             physVelocity=   4800
[UnitConverter] Density factor(kg/m^3):           physDensity=    1000
[UnitConverter] Mass factor(kg):                  physMass=       1.95312e-24
[UnitConverter] Viscosity factor(m^2/s):          physViscosity=  6e-06
[UnitConverter] Force factor(N):                  physForce=      3.6e-08
[UnitConverter] Pressure factor(N/m^2):           physPressure=   2.304e+10
[UnitConverter] -------------------------------------------------------------
[prepareLattice] Prepare Lattice ... OK
[simulate] starting simulation, iTmax=1152000 ...
[getResults] iT=0 t=0  Qy=6.17052e-21 m^3/s  qy=1.58218e-07 m/s  uAvg=3.95546e-07 m/s  uMax=3.90625e-07 m/s  B_yy=1.58218e-19 m^2
[getResults] iT=200 t=5.20833e-11  Qy=6.36068e-19 m^3/s  qy=1.63094e-05 m/s  uAvg=4.07736e-05 m/s  uMax=5.24568e-05 m/s  B_yy=1.63094e-17 m^2
[getResults] iT=400 t=1.04167e-10  Qy=1.11992e-18 m^3/s  qy=2.87159e-05 m/s  uAvg=7.17898e-05 m/s  uMax=0.000103568 m/s  B_yy=2.87159e-17 m^2
[getResults] iT=600 t=1.5625e-10  Qy=1.51796e-18 m^3/s  qy=3.89221e-05 m/s  uAvg=9.73053e-05 m/s  uMax=0.000151382 m/s  B_yy=3.89221e-17 m^2
[getResults] iT=800 t=2.08333e-10  Qy=1.85194e-18 m^3/s  qy=4.74857e-05 m/s  uAvg=0.000118714 m/s  uMax=0.00019466 m/s  B_yy=4.74857e-17 m^2
[getResults] iT=1000 t=2.60417e-10  Qy=2.13469e-18 m^3/s  qy=5.47356e-05 m/s  uAvg=0.000136839 m/s  uMax=0.000233157 m/s  B_yy=5.47356e-17 m^2
[getResults] iT=1200 t=3.125e-10  Qy=2.37518e-18 m^3/s  qy=6.09021e-05 m/s  uAvg=0.000152255 m/s  uMax=0.000267049 m/s  B_yy=6.09021e-17 m^2
[getResults] iT=1400 t=3.64583e-10  Qy=2.5803e-18 m^3/s  qy=6.61616e-05 m/s  uAvg=0.000165404 m/s  uMax=0.000296679 m/s  B_yy=6.61616e-17 m^2
[getResults] iT=1600 t=4.16667e-10  Qy=2.75555e-18 m^3/s  qy=7.06552e-05 m/s  uAvg=0.000176638 m/s  uMax=0.000322458 m/s  B_yy=7.06552e-17 m^2
[getResults] iT=1800 t=4.6875e-10  Qy=2.90547e-18 m^3/s  qy=7.44992e-05 m/s  uAvg=0.000186248 m/s  uMax=0.000344808 m/s  B_yy=7.44992e-17 m^2
[getResults] iT=2000 t=5.20833e-10  Qy=3.03382e-18 m^3/s  qy=7.77903e-05 m/s  uAvg=0.000194476 m/s  uMax=0.000364135 m/s  B_yy=7.77903e-17 m^2
[getResults] iT=2200 t=5.72917e-10  Qy=3.14378e-18 m^3/s  qy=8.06097e-05 m/s  uAvg=0.000201524 m/s  uMax=0.000380816 m/s  B_yy=8.06097e-17 m^2
[getResults] iT=2400 t=6.25e-10  Qy=3.23802e-18 m^3/s  qy=8.30261e-05 m/s  uAvg=0.000207565 m/s  uMax=0.000395193 m/s  B_yy=8.30261e-17 m^2
[getResults] iT=2600 t=6.77083e-10  Qy=3.31882e-18 m^3/s  qy=8.50979e-05 m/s  uAvg=0.000212745 m/s  uMax=0.000407571 m/s  B_yy=8.50979e-17 m^2
[getResults] iT=2800 t=7.29167e-10  Qy=3.38811e-18 m^3/s  qy=8.68747e-05 m/s  uAvg=0.000217187 m/s  uMax=0.00041822 m/s  B_yy=8.68747e-17 m^2
[getResults] iT=3000 t=7.8125e-10  Qy=3.44755e-18 m^3/s  qy=8.83988e-05 m/s  uAvg=0.000220997 m/s  uMax=0.000427376 m/s  B_yy=8.83988e-17 m^2
[getResults] iT=3200 t=8.33333e-10  Qy=3.49854e-18 m^3/s  qy=8.97063e-05 m/s  uAvg=0.000224266 m/s  uMax=0.000435244 m/s  B_yy=8.97063e-17 m^2
[getResults] iT=3400 t=8.85417e-10  Qy=3.5423e-18 m^3/s  qy=9.08281e-05 m/s  uAvg=0.00022707 m/s  uMax=0.000442004 m/s  B_yy=9.08281e-17 m^2
[getResults] iT=3600 t=9.375e-10  Qy=3.57983e-18 m^3/s  qy=9.17906e-05 m/s  uAvg=0.000229477 m/s  uMax=0.00044781 m/s  B_yy=9.17906e-17 m^2
[getResults] iT=3800 t=9.89583e-10  Qy=3.61205e-18 m^3/s  qy=9.26166e-05 m/s  uAvg=0.000231542 m/s  uMax=0.000452797 m/s  B_yy=9.26166e-17 m^2
[getResults] iT=4000 t=1.04167e-09  Qy=3.63969e-18 m^3/s  qy=9.33254e-05 m/s  uAvg=0.000233314 m/s  uMax=0.000457078 m/s  B_yy=9.33254e-17 m^2
[getResults] iT=4200 t=1.09375e-09  Qy=3.66342e-18 m^3/s  qy=9.39337e-05 m/s  uAvg=0.000234834 m/s  uMax=0.000460753 m/s  B_yy=9.39337e-17 m^2
[getResults] iT=4400 t=1.14583e-09  Qy=3.68377e-18 m^3/s  qy=9.44558e-05 m/s  uAvg=0.000236139 m/s  uMax=0.000463909 m/s  B_yy=9.44558e-17 m^2
[getResults] iT=4600 t=1.19792e-09  Qy=3.70125e-18 m^3/s  qy=9.49038e-05 m/s  uAvg=0.000237259 m/s  uMax=0.000466617 m/s  B_yy=9.49038e-17 m^2
[getResults] iT=4800 t=1.25e-09  Qy=3.71624e-18 m^3/s  qy=9.52883e-05 m/s  uAvg=0.000238221 m/s  uMax=0.000468942 m/s  B_yy=9.52883e-17 m^2
[getResults] iT=5000 t=1.30208e-09  Qy=3.72911e-18 m^3/s  qy=9.56183e-05 m/s  uAvg=0.000239046 m/s  uMax=0.000470938 m/s  B_yy=9.56183e-17 m^2
[getResults] iT=5200 t=1.35417e-09  Qy=3.74016e-18 m^3/s  qy=9.59015e-05 m/s  uAvg=0.000239754 m/s  uMax=0.000472651 m/s  B_yy=9.59015e-17 m^2
[getResults] iT=5400 t=1.40625e-09  Qy=3.74964e-18 m^3/s  qy=9.61446e-05 m/s  uAvg=0.000240361 m/s  uMax=0.000474121 m/s  B_yy=9.61446e-17 m^2
[getResults] iT=5600 t=1.45833e-09  Qy=3.75777e-18 m^3/s  qy=9.63532e-05 m/s  uAvg=0.000240883 m/s  uMax=0.000475383 m/s  B_yy=9.63532e-17 m^2
[getResults] iT=5800 t=1.51042e-09  Qy=3.76476e-18 m^3/s  qy=9.65322e-05 m/s  uAvg=0.000241331 m/s  uMax=0.000476467 m/s  B_yy=9.65322e-17 m^2
[getResults] iT=6000 t=1.5625e-09  Qy=3.77075e-18 m^3/s  qy=9.66859e-05 m/s  uAvg=0.000241715 m/s  uMax=0.000477396 m/s  B_yy=9.66859e-17 m^2
[getResults] iT=6200 t=1.61458e-09  Qy=3.77589e-18 m^3/s  qy=9.68178e-05 m/s  uAvg=0.000242044 m/s  uMax=0.000478194 m/s  B_yy=9.68178e-17 m^2
[getResults] iT=6400 t=1.66667e-09  Qy=3.78031e-18 m^3/s  qy=9.6931e-05 m/s  uAvg=0.000242327 m/s  uMax=0.000478879 m/s  B_yy=9.6931e-17 m^2
[getResults] iT=6600 t=1.71875e-09  Qy=3.7841e-18 m^3/s  qy=9.70281e-05 m/s  uAvg=0.00024257 m/s  uMax=0.000479467 m/s  B_yy=9.70281e-17 m^2
[getResults] iT=6800 t=1.77083e-09  Qy=3.78735e-18 m^3/s  qy=9.71115e-05 m/s  uAvg=0.000242779 m/s  uMax=0.000479971 m/s  B_yy=9.71115e-17 m^2
[getResults] iT=7000 t=1.82292e-09  Qy=3.79014e-18 m^3/s  qy=9.71831e-05 m/s  uAvg=0.000242958 m/s  uMax=0.000480404 m/s  B_yy=9.71831e-17 m^2
[getResults] iT=7200 t=1.875e-09  Qy=3.79254e-18 m^3/s  qy=9.72445e-05 m/s  uAvg=0.000243111 m/s  uMax=0.000480776 m/s  B_yy=9.72445e-17 m^2
[getResults] iT=7400 t=1.92708e-09  Qy=3.79459e-18 m^3/s  qy=9.72972e-05 m/s  uAvg=0.000243243 m/s  uMax=0.000481095 m/s  B_yy=9.72972e-17 m^2
[getResults] iT=7600 t=1.97917e-09  Qy=3.79636e-18 m^3/s  qy=9.73425e-05 m/s  uAvg=0.000243356 m/s  uMax=0.000481368 m/s  B_yy=9.73425e-17 m^2
[getResults] iT=7800 t=2.03125e-09  Qy=3.79787e-18 m^3/s  qy=9.73813e-05 m/s  uAvg=0.000243453 m/s  uMax=0.000481603 m/s  B_yy=9.73813e-17 m^2
[getResults] iT=8000 t=2.08333e-09  Qy=3.79917e-18 m^3/s  qy=9.74146e-05 m/s  uAvg=0.000243537 m/s  uMax=0.000481805 m/s  B_yy=9.74146e-17 m^2
[getResults] iT=8200 t=2.13542e-09  Qy=3.80029e-18 m^3/s  qy=9.74432e-05 m/s  uAvg=0.000243608 m/s  uMax=0.000481978 m/s  B_yy=9.74432e-17 m^2
[getResults] iT=8400 t=2.1875e-09  Qy=3.80124e-18 m^3/s  qy=9.74678e-05 m/s  uAvg=0.000243669 m/s  uMax=0.000482127 m/s  B_yy=9.74678e-17 m^2
[getResults] iT=8600 t=2.23958e-09  Qy=3.80206e-18 m^3/s  qy=9.74888e-05 m/s  uAvg=0.000243722 m/s  uMax=0.000482254 m/s  B_yy=9.74888e-17 m^2
[getResults] iT=8800 t=2.29167e-09  Qy=3.80277e-18 m^3/s  qy=9.75069e-05 m/s  uAvg=0.000243767 m/s  uMax=0.000482363 m/s  B_yy=9.75069e-17 m^2
[getResults] iT=9000 t=2.34375e-09  Qy=3.80338e-18 m^3/s  qy=9.75224e-05 m/s  uAvg=0.000243806 m/s  uMax=0.000482457 m/s  B_yy=9.75224e-17 m^2
[getResults] iT=9200 t=2.39583e-09  Qy=3.80389e-18 m^3/s  qy=9.75358e-05 m/s  uAvg=0.000243839 m/s  uMax=0.000482538 m/s  B_yy=9.75358e-17 m^2
[getResults] iT=9400 t=2.44792e-09  Qy=3.80434e-18 m^3/s  qy=9.75472e-05 m/s  uAvg=0.000243868 m/s  uMax=0.000482607 m/s  B_yy=9.75472e-17 m^2
[getResults] iT=9600 t=2.5e-09  Qy=3.80472e-18 m^3/s  qy=9.7557e-05 m/s  uAvg=0.000243893 m/s  uMax=0.000482666 m/s  B_yy=9.7557e-17 m^2
[getResults] iT=9800 t=2.55208e-09  Qy=3.80505e-18 m^3/s  qy=9.75654e-05 m/s  uAvg=0.000243914 m/s  uMax=0.000482717 m/s  B_yy=9.75654e-17 m^2
[getResults] iT=10000 t=2.60417e-09  Qy=3.80533e-18 m^3/s  qy=9.75727e-05 m/s  uAvg=0.000243932 m/s  uMax=0.000482761 m/s  B_yy=9.75727e-17 m^2
[getResults] iT=10200 t=2.65625e-09  Qy=3.80558e-18 m^3/s  qy=9.75789e-05 m/s  uAvg=0.000243947 m/s  uMax=0.000482799 m/s  B_yy=9.75789e-17 m^2
[getResults] iT=10400 t=2.70833e-09  Qy=3.80578e-18 m^3/s  qy=9.75842e-05 m/s  uAvg=0.00024396 m/s  uMax=0.000482831 m/s  B_yy=9.75842e-17 m^2
[getResults] iT=10600 t=2.76042e-09  Qy=3.80596e-18 m^3/s  qy=9.75888e-05 m/s  uAvg=0.000243972 m/s  uMax=0.000482859 m/s  B_yy=9.75888e-17 m^2
[getResults] iT=10800 t=2.8125e-09  Qy=3.80611e-18 m^3/s  qy=9.75927e-05 m/s  uAvg=0.000243982 m/s  uMax=0.000482882 m/s  B_yy=9.75927e-17 m^2
[getResults] iT=11000 t=2.86458e-09  Qy=3.80625e-18 m^3/s  qy=9.75961e-05 m/s  uAvg=0.00024399 m/s  uMax=0.000482903 m/s  B_yy=9.75961e-17 m^2
[getResults] iT=11200 t=2.91667e-09  Qy=3.80636e-18 m^3/s  qy=9.75989e-05 m/s  uAvg=0.000243997 m/s  uMax=0.00048292 m/s  B_yy=9.75989e-17 m^2
[getResults] iT=11400 t=2.96875e-09  Qy=3.80646e-18 m^3/s  qy=9.76014e-05 m/s  uAvg=0.000244004 m/s  uMax=0.000482935 m/s  B_yy=9.76014e-17 m^2
[getResults] iT=11600 t=3.02083e-09  Qy=3.80654e-18 m^3/s  qy=9.76035e-05 m/s  uAvg=0.000244009 m/s  uMax=0.000482948 m/s  B_yy=9.76035e-17 m^2
[getResults] iT=11800 t=3.07292e-09  Qy=3.80661e-18 m^3/s  qy=9.76054e-05 m/s  uAvg=0.000244013 m/s  uMax=0.000482959 m/s  B_yy=9.76054e-17 m^2
[getResults] iT=12000 t=3.125e-09  Qy=3.80667e-18 m^3/s  qy=9.76069e-05 m/s  uAvg=0.000244017 m/s  uMax=0.000482969 m/s  B_yy=9.76069e-17 m^2
[getResults] iT=12200 t=3.17708e-09  Qy=3.80672e-18 m^3/s  qy=9.76083e-05 m/s  uAvg=0.000244021 m/s  uMax=0.000482977 m/s  B_yy=9.76083e-17 m^2
[getResults] iT=12400 t=3.22917e-09  Qy=3.80677e-18 m^3/s  qy=9.76094e-05 m/s  uAvg=0.000244024 m/s  uMax=0.000482984 m/s  B_yy=9.76094e-17 m^2
[getResults] iT=12600 t=3.28125e-09  Qy=3.80681e-18 m^3/s  qy=9.76104e-05 m/s  uAvg=0.000244026 m/s  uMax=0.00048299 m/s  B_yy=9.76104e-17 m^2
[getResults] iT=12800 t=3.33333e-09  Qy=3.80684e-18 m^3/s  qy=9.76113e-05 m/s  uAvg=0.000244028 m/s  uMax=0.000482995 m/s  B_yy=9.76113e-17 m^2
[getResults] iT=13000 t=3.38542e-09  Qy=3.80687e-18 m^3/s  qy=9.7612e-05 m/s  uAvg=0.00024403 m/s  uMax=0.000482999 m/s  B_yy=9.7612e-17 m^2
[getResults] iT=13200 t=3.4375e-09  Qy=3.80689e-18 m^3/s  qy=9.76126e-05 m/s  uAvg=0.000244032 m/s  uMax=0.000483003 m/s  B_yy=9.76126e-17 m^2
[getResults] iT=13400 t=3.48958e-09  Qy=3.80691e-18 m^3/s  qy=9.76132e-05 m/s  uAvg=0.000244033 m/s  uMax=0.000483006 m/s  B_yy=9.76132e-17 m^2
[getResults] iT=13600 t=3.54167e-09  Qy=3.80693e-18 m^3/s  qy=9.76136e-05 m/s  uAvg=0.000244034 m/s  uMax=0.000483009 m/s  B_yy=9.76136e-17 m^2
[getResults] iT=13800 t=3.59375e-09  Qy=3.80695e-18 m^3/s  qy=9.7614e-05 m/s  uAvg=0.000244035 m/s  uMax=0.000483011 m/s  B_yy=9.7614e-17 m^2
[getResults] iT=14000 t=3.64583e-09  Qy=3.80696e-18 m^3/s  qy=9.76144e-05 m/s  uAvg=0.000244036 m/s  uMax=0.000483014 m/s  B_yy=9.76144e-17 m^2
[getResults] iT=14200 t=3.69792e-09  Qy=3.80697e-18 m^3/s  qy=9.76147e-05 m/s  uAvg=0.000244037 m/s  uMax=0.000483015 m/s  B_yy=9.76147e-17 m^2
[getResults] iT=14400 t=3.75e-09  Qy=3.80698e-18 m^3/s  qy=9.76149e-05 m/s  uAvg=0.000244037 m/s  uMax=0.000483017 m/s  B_yy=9.76149e-17 m^2
[getResults] iT=14600 t=3.80208e-09  Qy=3.80699e-18 m^3/s  qy=9.76151e-05 m/s  uAvg=0.000244038 m/s  uMax=0.000483018 m/s  B_yy=9.76151e-17 m^2
[getResults] iT=14800 t=3.85417e-09  Qy=3.807e-18 m^3/s  qy=9.76153e-05 m/s  uAvg=0.000244038 m/s  uMax=0.000483019 m/s  B_yy=9.76153e-17 m^2
[getResults] iT=15000 t=3.90625e-09  Qy=3.807e-18 m^3/s  qy=9.76155e-05 m/s  uAvg=0.000244039 m/s  uMax=0.00048302 m/s  B_yy=9.76155e-17 m^2
[getResults] iT=15200 t=3.95833e-09  Qy=3.80701e-18 m^3/s  qy=9.76156e-05 m/s  uAvg=0.000244039 m/s  uMax=0.000483021 m/s  B_yy=9.76156e-17 m^2
[getResults] iT=15400 t=4.01042e-09  Qy=3.80701e-18 m^3/s  qy=9.76157e-05 m/s  uAvg=0.000244039 m/s  uMax=0.000483022 m/s  B_yy=9.76157e-17 m^2
[getResults] iT=15600 t=4.0625e-09  Qy=3.80702e-18 m^3/s  qy=9.76158e-05 m/s  uAvg=0.00024404 m/s  uMax=0.000483022 m/s  B_yy=9.76158e-17 m^2
[getResults] iT=15800 t=4.11458e-09  Qy=3.80702e-18 m^3/s  qy=9.76159e-05 m/s  uAvg=0.00024404 m/s  uMax=0.000483023 m/s  B_yy=9.76159e-17 m^2
[getResults] iT=16000 t=4.16667e-09  Qy=3.80702e-18 m^3/s  qy=9.7616e-05 m/s  uAvg=0.00024404 m/s  uMax=0.000483023 m/s  B_yy=9.7616e-17 m^2
[getResults] iT=16200 t=4.21875e-09  Qy=3.80703e-18 m^3/s  qy=9.76161e-05 m/s  uAvg=0.00024404 m/s  uMax=0.000483024 m/s  B_yy=9.76161e-17 m^2
[getResults] iT=16400 t=4.27083e-09  Qy=3.80703e-18 m^3/s  qy=9.76161e-05 m/s  uAvg=0.00024404 m/s  uMax=0.000483024 m/s  B_yy=9.76161e-17 m^2
[getResults] iT=16600 t=4.32292e-09  Qy=3.80703e-18 m^3/s  qy=9.76162e-05 m/s  uAvg=0.00024404 m/s  uMax=0.000483024 m/s  B_yy=9.76162e-17 m^2
[getResults] iT=16800 t=4.375e-09  Qy=3.80703e-18 m^3/s  qy=9.76162e-05 m/s  uAvg=0.00024404 m/s  uMax=0.000483024 m/s  B_yy=9.76162e-17 m^2
[getResults] iT=17000 t=4.42708e-09  Qy=3.80703e-18 m^3/s  qy=9.76162e-05 m/s  uAvg=0.000244041 m/s  uMax=0.000483025 m/s  B_yy=9.76162e-17 m^2
[getResults] iT=17200 t=4.47917e-09  Qy=3.80703e-18 m^3/s  qy=9.76163e-05 m/s  uAvg=0.000244041 m/s  uMax=0.000483025 m/s  B_yy=9.76163e-17 m^2
[getResults] iT=17400 t=4.53125e-09  Qy=3.80704e-18 m^3/s  qy=9.76163e-05 m/s  uAvg=0.000244041 m/s  uMax=0.000483025 m/s  B_yy=9.76163e-17 m^2
[getResults] iT=17600 t=4.58333e-09  Qy=3.80704e-18 m^3/s  qy=9.76163e-05 m/s  uAvg=0.000244041 m/s  uMax=0.000483025 m/s  B_yy=9.76163e-17 m^2
[getResults] iT=17800 t=4.63542e-09  Qy=3.80704e-18 m^3/s  qy=9.76163e-05 m/s  uAvg=0.000244041 m/s  uMax=0.000483025 m/s  B_yy=9.76163e-17 m^2
[getResults] iT=18000 t=4.6875e-09  Qy=3.80704e-18 m^3/s  qy=9.76163e-05 m/s  uAvg=0.000244041 m/s  uMax=0.000483025 m/s  B_yy=9.76163e-17 m^2
[getResults] iT=18200 t=4.73958e-09  Qy=3.80704e-18 m^3/s  qy=9.76164e-05 m/s  uAvg=0.000244041 m/s  uMax=0.000483025 m/s  B_yy=9.76164e-17 m^2
[getResults] iT=18400 t=4.79167e-09  Qy=3.80704e-18 m^3/s  qy=9.76164e-05 m/s  uAvg=0.000244041 m/s  uMax=0.000483026 m/s  B_yy=9.76164e-17 m^2
[getResults] iT=18600 t=4.84375e-09  Qy=3.80704e-18 m^3/s  qy=9.76164e-05 m/s  uAvg=0.000244041 m/s  uMax=0.000483026 m/s  B_yy=9.76164e-17 m^2
[getResults] iT=18800 t=4.89583e-09  Qy=3.80704e-18 m^3/s  qy=9.76164e-05 m/s  uAvg=0.000244041 m/s  uMax=0.000483026 m/s  B_yy=9.76164e-17 m^2
[getResults] iT=19000 t=4.94792e-09  Qy=3.80704e-18 m^3/s  qy=9.76164e-05 m/s  uAvg=0.000244041 m/s  uMax=0.000483026 m/s  B_yy=9.76164e-17 m^2
[getResults] iT=19200 t=5e-09  Qy=3.80704e-18 m^3/s  qy=9.76164e-05 m/s  uAvg=0.000244041 m/s  uMax=0.000483026 m/s  B_yy=9.76164e-17 m^2
[getResults] iT=19400 t=5.05208e-09  Qy=3.80704e-18 m^3/s  qy=9.76164e-05 m/s  uAvg=0.000244041 m/s  uMax=0.000483026 m/s  B_yy=9.76164e-17 m^2
[getResults] iT=19600 t=5.10417e-09  Qy=3.80704e-18 m^3/s  qy=9.76164e-05 m/s  uAvg=0.000244041 m/s  uMax=0.000483026 m/s  B_yy=9.76164e-17 m^2
[getResults] iT=19800 t=5.15625e-09  Qy=3.80704e-18 m^3/s  qy=9.76164e-05 m/s  uAvg=0.000244041 m/s  uMax=0.000483026 m/s  B_yy=9.76164e-17 m^2
[getResults] iT=20000 t=5.20833e-09  Qy=3.80704e-18 m^3/s  qy=9.76164e-05 m/s  uAvg=0.000244041 m/s  uMax=0.000483026 m/s  B_yy=9.76164e-17 m^2
[getResults] iT=20200 t=5.26042e-09  Qy=3.80704e-18 m^3/s  qy=9.76164e-05 m/s  uAvg=0.000244041 m/s  uMax=0.000483026 m/s  B_yy=9.76164e-17 m^2
[getResults] iT=20400 t=5.3125e-09  Qy=3.80704e-18 m^3/s  qy=9.76164e-05 m/s  uAvg=0.000244041 m/s  uMax=0.000483026 m/s  B_yy=9.76164e-17 m^2
[getResults] iT=20600 t=5.36458e-09  Qy=3.80704e-18 m^3/s  qy=9.76164e-05 m/s  uAvg=0.000244041 m/s  uMax=0.000483026 m/s  B_yy=9.76164e-17 m^2
[getResults] iT=20800 t=5.41667e-09  Qy=3.80704e-18 m^3/s  qy=9.76164e-05 m/s  uAvg=0.000244041 m/s  uMax=0.000483026 m/s  B_yy=9.76164e-17 m^2
[getResults] iT=21000 t=5.46875e-09  Qy=3.80704e-18 m^3/s  qy=9.76164e-05 m/s  uAvg=0.000244041 m/s  uMax=0.000483026 m/s  B_yy=9.76164e-17 m^2
[getResults] iT=21200 t=5.52083e-09  Qy=3.80704e-18 m^3/s  qy=9.76164e-05 m/s  uAvg=0.000244041 m/s  uMax=0.000483026 m/s  B_yy=9.76164e-17 m^2
[getResults] iT=21400 t=5.57292e-09  Qy=3.80704e-18 m^3/s  qy=9.76164e-05 m/s  uAvg=0.000244041 m/s  uMax=0.000483026 m/s  B_yy=9.76164e-17 m^2
[getResults] iT=21600 t=5.625e-09  Qy=3.80704e-18 m^3/s  qy=9.76164e-05 m/s  uAvg=0.000244041 m/s  uMax=0.000483026 m/s  B_yy=9.76164e-17 m^2
[getResults] iT=21800 t=5.67708e-09  Qy=3.80704e-18 m^3/s  qy=9.76164e-05 m/s  uAvg=0.000244041 m/s  uMax=0.000483026 m/s  B_yy=9.76164e-17 m^2
[getResults] iT=22000 t=5.72917e-09  Qy=3.80704e-18 m^3/s  qy=9.76164e-05 m/s  uAvg=0.000244041 m/s  uMax=0.000483026 m/s  B_yy=9.76164e-17 m^2
[getResults] iT=22200 t=5.78125e-09  Qy=3.80704e-18 m^3/s  qy=9.76164e-05 m/s  uAvg=0.000244041 m/s  uMax=0.000483026 m/s  B_yy=9.76164e-17 m^2
[getResults] iT=22400 t=5.83333e-09  Qy=3.80704e-18 m^3/s  qy=9.76164e-05 m/s  uAvg=0.000244041 m/s  uMax=0.000483026 m/s  B_yy=9.76164e-17 m^2
[getResults] iT=22600 t=5.88542e-09  Qy=3.80704e-18 m^3/s  qy=9.76164e-05 m/s  uAvg=0.000244041 m/s  uMax=0.000483026 m/s  B_yy=9.76164e-17 m^2
[getResults] iT=22800 t=5.9375e-09  Qy=3.80704e-18 m^3/s  qy=9.76164e-05 m/s  uAvg=0.000244041 m/s  uMax=0.000483026 m/s  B_yy=9.76164e-17 m^2
[getResults] iT=23000 t=5.98958e-09  Qy=3.80704e-18 m^3/s  qy=9.76164e-05 m/s  uAvg=0.000244041 m/s  uMax=0.000483026 m/s  B_yy=9.76164e-17 m^2
[getResults] iT=23200 t=6.04167e-09  Qy=3.80704e-18 m^3/s  qy=9.76164e-05 m/s  uAvg=0.000244041 m/s  uMax=0.000483026 m/s  B_yy=9.76164e-17 m^2
[getResults] iT=23400 t=6.09375e-09  Qy=3.80704e-18 m^3/s  qy=9.76164e-05 m/s  uAvg=0.000244041 m/s  uMax=0.000483026 m/s  B_yy=9.76164e-17 m^2
[getResults] iT=23600 t=6.14583e-09  Qy=3.80704e-18 m^3/s  qy=9.76164e-05 m/s  uAvg=0.000244041 m/s  uMax=0.000483026 m/s  B_yy=9.76164e-17 m^2
[getResults] iT=23800 t=6.19792e-09  Qy=3.80704e-18 m^3/s  qy=9.76164e-05 m/s  uAvg=0.000244041 m/s  uMax=0.000483026 m/s  B_yy=9.76164e-17 m^2
[getResults] iT=24000 t=6.25e-09  Qy=3.80704e-18 m^3/s  qy=9.76164e-05 m/s  uAvg=0.000244041 m/s  uMax=0.000483026 m/s  B_yy=9.76164e-17 m^2
[getResults] iT=24200 t=6.30208e-09  Qy=3.80704e-18 m^3/s  qy=9.76164e-05 m/s  uAvg=0.000244041 m/s  uMax=0.000483026 m/s  B_yy=9.76164e-17 m^2
[getResults] iT=24400 t=6.35417e-09  Qy=3.80704e-18 m^3/s  qy=9.76164e-05 m/s  uAvg=0.000244041 m/s  uMax=0.000483026 m/s  B_yy=9.76164e-17 m^2
[getResults] iT=24600 t=6.40625e-09  Qy=3.80704e-18 m^3/s  qy=9.76164e-05 m/s  uAvg=0.000244041 m/s  uMax=0.000483026 m/s  B_yy=9.76164e-17 m^2
[getResults] iT=24800 t=6.45833e-09  Qy=3.80704e-18 m^3/s  qy=9.76164e-05 m/s  uAvg=0.000244041 m/s  uMax=0.000483026 m/s  B_yy=9.76164e-17 m^2
[getResults] iT=25000 t=6.51042e-09  Qy=3.80704e-18 m^3/s  qy=9.76164e-05 m/s  uAvg=0.000244041 m/s  uMax=0.000483026 m/s  B_yy=9.76164e-17 m^2
[getResults] iT=25200 t=6.5625e-09  Qy=3.80704e-18 m^3/s  qy=9.76164e-05 m/s  uAvg=0.000244041 m/s  uMax=0.000483026 m/s  B_yy=9.76164e-17 m^2
[getResults] iT=25400 t=6.61458e-09  Qy=3.80704e-18 m^3/s  qy=9.76164e-05 m/s  uAvg=0.000244041 m/s  uMax=0.000483026 m/s  B_yy=9.76164e-17 m^2
[getResults] iT=25600 t=6.66667e-09  Qy=3.80704e-18 m^3/s  qy=9.76164e-05 m/s  uAvg=0.000244041 m/s  uMax=0.000483026 m/s  B_yy=9.76164e-17 m^2
[getResults] iT=25800 t=6.71875e-09  Qy=3.80704e-18 m^3/s  qy=9.76164e-05 m/s  uAvg=0.000244041 m/s  uMax=0.000483026 m/s  B_yy=9.76164e-17 m^2
[getResults] iT=26000 t=6.77083e-09  Qy=3.80704e-18 m^3/s  qy=9.76164e-05 m/s  uAvg=0.000244041 m/s  uMax=0.000483026 m/s  B_yy=9.76164e-17 m^2
[getResults] iT=26200 t=6.82292e-09  Qy=3.80704e-18 m^3/s  qy=9.76164e-05 m/s  uAvg=0.000244041 m/s  uMax=0.000483026 m/s  B_yy=9.76164e-17 m^2
[getResults] iT=26400 t=6.875e-09  Qy=3.80704e-18 m^3/s  qy=9.76164e-05 m/s  uAvg=0.000244041 m/s  uMax=0.000483026 m/s  B_yy=9.76164e-17 m^2
[getResults] iT=26600 t=6.92708e-09  Qy=3.80704e-18 m^3/s  qy=9.76164e-05 m/s  uAvg=0.000244041 m/s  uMax=0.000483026 m/s  B_yy=9.76164e-17 m^2
[getResults] iT=26800 t=6.97917e-09  Qy=3.80704e-18 m^3/s  qy=9.76164e-05 m/s  uAvg=0.000244041 m/s  uMax=0.000483026 m/s  B_yy=9.76164e-17 m^2
[getResults] iT=27000 t=7.03125e-09  Qy=3.80704e-18 m^3/s  qy=9.76164e-05 m/s  uAvg=0.000244041 m/s  uMax=0.000483026 m/s  B_yy=9.76164e-17 m^2
[getResults] iT=27200 t=7.08333e-09  Qy=3.80704e-18 m^3/s  qy=9.76164e-05 m/s  uAvg=0.000244041 m/s  uMax=0.000483026 m/s  B_yy=9.76164e-17 m^2
[getResults] iT=27400 t=7.13542e-09  Qy=3.80704e-18 m^3/s  qy=9.76164e-05 m/s  uAvg=0.000244041 m/s  uMax=0.000483026 m/s  B_yy=9.76164e-17 m^2
[getResults] iT=27600 t=7.1875e-09  Qy=3.80704e-18 m^3/s  qy=9.76164e-05 m/s  uAvg=0.000244041 m/s  uMax=0.000483026 m/s  B_yy=9.76164e-17 m^2
[getResults] iT=27800 t=7.23958e-09  Qy=3.80704e-18 m^3/s  qy=9.76164e-05 m/s  uAvg=0.000244041 m/s  uMax=0.000483026 m/s  B_yy=9.76164e-17 m^2
[getResults] iT=28000 t=7.29167e-09  Qy=3.80704e-18 m^3/s  qy=9.76164e-05 m/s  uAvg=0.000244041 m/s  uMax=0.000483026 m/s  B_yy=9.76164e-17 m^2
[getResults] iT=28200 t=7.34375e-09  Qy=3.80704e-18 m^3/s  qy=9.76164e-05 m/s  uAvg=0.000244041 m/s  uMax=0.000483026 m/s  B_yy=9.76164e-17 m^2
[getResults] iT=28400 t=7.39583e-09  Qy=3.80704e-18 m^3/s  qy=9.76164e-05 m/s  uAvg=0.000244041 m/s  uMax=0.000483026 m/s  B_yy=9.76164e-17 m^2
[getResults] iT=28600 t=7.44792e-09  Qy=3.80704e-18 m^3/s  qy=9.76164e-05 m/s  uAvg=0.000244041 m/s  uMax=0.000483026 m/s  B_yy=9.76164e-17 m^2
[getResults] iT=28800 t=7.5e-09  Qy=3.80704e-18 m^3/s  qy=9.76164e-05 m/s  uAvg=0.000244041 m/s  uMax=0.000483026 m/s  B_yy=9.76164e-17 m^2
[getResults] iT=29000 t=7.55208e-09  Qy=3.80704e-18 m^3/s  qy=9.76164e-05 m/s  uAvg=0.000244041 m/s  uMax=0.000483026 m/s  B_yy=9.76164e-17 m^2
[getResults] iT=29200 t=7.60417e-09  Qy=3.80704e-18 m^3/s  qy=9.76164e-05 m/s  uAvg=0.000244041 m/s  uMax=0.000483026 m/s  B_yy=9.76164e-17 m^2
[getResults] iT=29400 t=7.65625e-09  Qy=3.80704e-18 m^3/s  qy=9.76164e-05 m/s  uAvg=0.000244041 m/s  uMax=0.000483026 m/s  B_yy=9.76164e-17 m^2
[getResults] iT=29600 t=7.70833e-09  Qy=3.80704e-18 m^3/s  qy=9.76164e-05 m/s  uAvg=0.000244041 m/s  uMax=0.000483026 m/s  B_yy=9.76164e-17 m^2
[getResults] iT=29800 t=7.76042e-09  Qy=3.80704e-18 m^3/s  qy=9.76164e-05 m/s  uAvg=0.000244041 m/s  uMax=0.000483026 m/s  B_yy=9.76164e-17 m^2
[getResults] iT=30000 t=7.8125e-09  Qy=3.80704e-18 m^3/s  qy=9.76164e-05 m/s  uAvg=0.000244041 m/s  uMax=0.000483026 m/s  B_yy=9.76164e-17 m^2
[getResults] iT=30200 t=7.86458e-09  Qy=3.80704e-18 m^3/s  qy=9.76164e-05 m/s  uAvg=0.000244041 m/s  uMax=0.000483026 m/s  B_yy=9.76164e-17 m^2
[getResults] iT=30400 t=7.91667e-09  Qy=3.80704e-18 m^3/s  qy=9.76164e-05 m/s  uAvg=0.000244041 m/s  uMax=0.000483026 m/s  B_yy=9.76164e-17 m^2
[getResults] iT=30600 t=7.96875e-09  Qy=3.80704e-18 m^3/s  qy=9.76164e-05 m/s  uAvg=0.000244041 m/s  uMax=0.000483026 m/s  B_yy=9.76164e-17 m^2
[getResults] iT=30800 t=8.02083e-09  Qy=3.80704e-18 m^3/s  qy=9.76164e-05 m/s  uAvg=0.000244041 m/s  uMax=0.000483026 m/s  B_yy=9.76164e-17 m^2
[getResults] iT=31000 t=8.07292e-09  Qy=3.80704e-18 m^3/s  qy=9.76164e-05 m/s  uAvg=0.000244041 m/s  uMax=0.000483026 m/s  B_yy=9.76164e-17 m^2
[getResults] iT=31200 t=8.125e-09  Qy=3.80704e-18 m^3/s  qy=9.76164e-05 m/s  uAvg=0.000244041 m/s  uMax=0.000483026 m/s  B_yy=9.76164e-17 m^2
[getResults] iT=31400 t=8.17708e-09  Qy=3.80704e-18 m^3/s  qy=9.76164e-05 m/s  uAvg=0.000244041 m/s  uMax=0.000483026 m/s  B_yy=9.76164e-17 m^2
[getResults] iT=31600 t=8.22917e-09  Qy=3.80704e-18 m^3/s  qy=9.76164e-05 m/s  uAvg=0.000244041 m/s  uMax=0.000483026 m/s  B_yy=9.76164e-17 m^2
[getResults] iT=31800 t=8.28125e-09  Qy=3.80704e-18 m^3/s  qy=9.76164e-05 m/s  uAvg=0.000244041 m/s  uMax=0.000483026 m/s  B_yy=9.76164e-17 m^2
[getResults] iT=32000 t=8.33333e-09  Qy=3.80704e-18 m^3/s  qy=9.76164e-05 m/s  uAvg=0.000244041 m/s  uMax=0.000483026 m/s  B_yy=9.76164e-17 m^2
[getResults] iT=32200 t=8.38542e-09  Qy=3.80704e-18 m^3/s  qy=9.76164e-05 m/s  uAvg=0.000244041 m/s  uMax=0.000483026 m/s  B_yy=9.76164e-17 m^2
[getResults] iT=32400 t=8.4375e-09  Qy=3.80704e-18 m^3/s  qy=9.76164e-05 m/s  uAvg=0.000244041 m/s  uMax=0.000483026 m/s  B_yy=9.76164e-17 m^2
[getResults] iT=32600 t=8.48958e-09  Qy=3.80704e-18 m^3/s  qy=9.76164e-05 m/s  uAvg=0.000244041 m/s  uMax=0.000483026 m/s  B_yy=9.76164e-17 m^2
[getResults] iT=32800 t=8.54167e-09  Qy=3.80704e-18 m^3/s  qy=9.76164e-05 m/s  uAvg=0.000244041 m/s  uMax=0.000483026 m/s  B_yy=9.76164e-17 m^2
[getResults] iT=33000 t=8.59375e-09  Qy=3.80704e-18 m^3/s  qy=9.76164e-05 m/s  uAvg=0.000244041 m/s  uMax=0.000483026 m/s  B_yy=9.76164e-17 m^2
[getResults] iT=33200 t=8.64583e-09  Qy=3.80704e-18 m^3/s  qy=9.76164e-05 m/s  uAvg=0.000244041 m/s  uMax=0.000483026 m/s  B_yy=9.76164e-17 m^2
[getResults] iT=33400 t=8.69792e-09  Qy=3.80704e-18 m^3/s  qy=9.76164e-05 m/s  uAvg=0.000244041 m/s  uMax=0.000483026 m/s  B_yy=9.76164e-17 m^2
[getResults] iT=33600 t=8.75e-09  Qy=3.80704e-18 m^3/s  qy=9.76164e-05 m/s  uAvg=0.000244041 m/s  uMax=0.000483026 m/s  B_yy=9.76164e-17 m^2
[getResults] iT=33800 t=8.80208e-09  Qy=3.80704e-18 m^3/s  qy=9.76164e-05 m/s  uAvg=0.000244041 m/s  uMax=0.000483026 m/s  B_yy=9.76164e-17 m^2
[getResults] iT=34000 t=8.85417e-09  Qy=3.80704e-18 m^3/s  qy=9.76164e-05 m/s  uAvg=0.000244041 m/s  uMax=0.000483026 m/s  B_yy=9.76164e-17 m^2
[getResults] iT=34200 t=8.90625e-09  Qy=3.80704e-18 m^3/s  qy=9.76164e-05 m/s  uAvg=0.000244041 m/s  uMax=0.000483026 m/s  B_yy=9.76164e-17 m^2
[getResults] iT=34400 t=8.95833e-09  Qy=3.80704e-18 m^3/s  qy=9.76164e-05 m/s  uAvg=0.000244041 m/s  uMax=0.000483026 m/s  B_yy=9.76164e-17 m^2
[getResults] iT=34600 t=9.01042e-09  Qy=3.80704e-18 m^3/s  qy=9.76164e-05 m/s  uAvg=0.000244041 m/s  uMax=0.000483026 m/s  B_yy=9.76164e-17 m^2
[getResults] iT=34800 t=9.0625e-09  Qy=3.80704e-18 m^3/s  qy=9.76164e-05 m/s  uAvg=0.000244041 m/s  uMax=0.000483026 m/s  B_yy=9.76164e-17 m^2
[getResults] iT=35000 t=9.11458e-09  Qy=3.80704e-18 m^3/s  qy=9.76164e-05 m/s  uAvg=0.000244041 m/s  uMax=0.000483026 m/s  B_yy=9.76164e-17 m^2
[getResults] iT=35200 t=9.16667e-09  Qy=3.80704e-18 m^3/s  qy=9.76164e-05 m/s  uAvg=0.000244041 m/s  uMax=0.000483026 m/s  B_yy=9.76164e-17 m^2
[getResults] iT=35400 t=9.21875e-09  Qy=3.80704e-18 m^3/s  qy=9.76164e-05 m/s  uAvg=0.000244041 m/s  uMax=0.000483026 m/s  B_yy=9.76164e-17 m^2
[getResults] iT=35600 t=9.27083e-09  Qy=3.80704e-18 m^3/s  qy=9.76164e-05 m/s  uAvg=0.000244041 m/s  uMax=0.000483026 m/s  B_yy=9.76164e-17 m^2
[getResults] iT=35800 t=9.32292e-09  Qy=3.80704e-18 m^3/s  qy=9.76164e-05 m/s  uAvg=0.000244041 m/s  uMax=0.000483026 m/s  B_yy=9.76164e-17 m^2
[getResults] iT=36000 t=9.375e-09  Qy=3.80704e-18 m^3/s  qy=9.76164e-05 m/s  uAvg=0.000244041 m/s  uMax=0.000483026 m/s  B_yy=9.76164e-17 m^2
[getResults] iT=36200 t=9.42708e-09  Qy=3.80704e-18 m^3/s  qy=9.76164e-05 m/s  uAvg=0.000244041 m/s  uMax=0.000483026 m/s  B_yy=9.76164e-17 m^2
[getResults] iT=36400 t=9.47917e-09  Qy=3.80704e-18 m^3/s  qy=9.76164e-05 m/s  uAvg=0.000244041 m/s  uMax=0.000483026 m/s  B_yy=9.76164e-17 m^2
[getResults] iT=36600 t=9.53125e-09  Qy=3.80704e-18 m^3/s  qy=9.76164e-05 m/s  uAvg=0.000244041 m/s  uMax=0.000483026 m/s  B_yy=9.76164e-17 m^2
[getResults] iT=36800 t=9.58333e-09  Qy=3.80704e-18 m^3/s  qy=9.76164e-05 m/s  uAvg=0.000244041 m/s  uMax=0.000483026 m/s  B_yy=9.76164e-17 m^2
[getResults] iT=37000 t=9.63542e-09  Qy=3.80704e-18 m^3/s  qy=9.76164e-05 m/s  uAvg=0.000244041 m/s  uMax=0.000483026 m/s  B_yy=9.76164e-17 m^2
[getResults] iT=37200 t=9.6875e-09  Qy=3.80704e-18 m^3/s  qy=9.76164e-05 m/s  uAvg=0.000244041 m/s  uMax=0.000483026 m/s  B_yy=9.76164e-17 m^2
[getResults] iT=37400 t=9.73958e-09  Qy=3.80704e-18 m^3/s  qy=9.76164e-05 m/s  uAvg=0.000244041 m/s  uMax=0.000483026 m/s  B_yy=9.76164e-17 m^2
[getResults] iT=37600 t=9.79167e-09  Qy=3.80704e-18 m^3/s  qy=9.76164e-05 m/s  uAvg=0.000244041 m/s  uMax=0.000483026 m/s  B_yy=9.76164e-17 m^2
[getResults] iT=37800 t=9.84375e-09  Qy=3.80704e-18 m^3/s  qy=9.76164e-05 m/s  uAvg=0.000244041 m/s  uMax=0.000483026 m/s  B_yy=9.76164e-17 m^2
[getResults] iT=38000 t=9.89583e-09  Qy=3.80704e-18 m^3/s  qy=9.76164e-05 m/s  uAvg=0.000244041 m/s  uMax=0.000483026 m/s  B_yy=9.76164e-17 m^2
[getResults] iT=38200 t=9.94792e-09  Qy=3.80704e-18 m^3/s  qy=9.76164e-05 m/s  uAvg=0.000244041 m/s  uMax=0.000483026 m/s  B_yy=9.76164e-17 m^2
[getResults] iT=38400 t=1e-08  Qy=3.80704e-18 m^3/s  qy=9.76164e-05 m/s  uAvg=0.000244041 m/s  uMax=0.000483026 m/s  B_yy=9.76164e-17 m^2
[getResults] iT=38600 t=1.00521e-08  Qy=3.80704e-18 m^3/s  qy=9.76164e-05 m/s  uAvg=0.000244041 m/s  uMax=0.000483026 m/s  B_yy=9.76164e-17 m^2
[getResults] iT=38800 t=1.01042e-08  Qy=3.80704e-18 m^3/s  qy=9.76164e-05 m/s  uAvg=0.000244041 m/s  uMax=0.000483026 m/s  B_yy=9.76164e-17 m^2
[getResults] iT=39000 t=1.01562e-08  Qy=3.80704e-18 m^3/s  qy=9.76164e-05 m/s  uAvg=0.000244041 m/s  uMax=0.000483026 m/s  B_yy=9.76164e-17 m^2
[getResults] iT=39200 t=1.02083e-08  Qy=3.80704e-18 m^3/s  qy=9.76164e-05 m/s  uAvg=0.000244041 m/s  uMax=0.000483026 m/s  B_yy=9.76164e-17 m^2
[getResults] iT=39400 t=1.02604e-08  Qy=3.80704e-18 m^3/s  qy=9.76164e-05 m/s  uAvg=0.000244041 m/s  uMax=0.000483026 m/s  B_yy=9.76164e-17 m^2
[getResults] iT=39600 t=1.03125e-08  Qy=3.80704e-18 m^3/s  qy=9.76164e-05 m/s  uAvg=0.000244041 m/s  uMax=0.000483026 m/s  B_yy=9.76164e-17 m^2
[getResults] iT=39800 t=1.03646e-08  Qy=3.80704e-18 m^3/s  qy=9.76164e-05 m/s  uAvg=0.000244041 m/s  uMax=0.000483026 m/s  B_yy=9.76164e-17 m^2
[getResults] iT=40000 t=1.04167e-08  Qy=3.80704e-18 m^3/s  qy=9.76164e-05 m/s  uAvg=0.000244041 m/s  uMax=0.000483026 m/s  B_yy=9.76164e-17 m^2
[getResults] iT=40200 t=1.04687e-08  Qy=3.80704e-18 m^3/s  qy=9.76164e-05 m/s  uAvg=0.000244041 m/s  uMax=0.000483026 m/s  B_yy=9.76164e-17 m^2
[getResults] iT=40400 t=1.05208e-08  Qy=3.80704e-18 m^3/s  qy=9.76164e-05 m/s  uAvg=0.000244041 m/s  uMax=0.000483026 m/s  B_yy=9.76164e-17 m^2
[getResults] iT=40600 t=1.05729e-08  Qy=3.80704e-18 m^3/s  qy=9.76164e-05 m/s  uAvg=0.000244041 m/s  uMax=0.000483026 m/s  B_yy=9.76164e-17 m^2
[getResults] iT=40800 t=1.0625e-08  Qy=3.80704e-18 m^3/s  qy=9.76164e-05 m/s  uAvg=0.000244041 m/s  uMax=0.000483026 m/s  B_yy=9.76164e-17 m^2
[getResults] iT=41000 t=1.06771e-08  Qy=3.80704e-18 m^3/s  qy=9.76164e-05 m/s  uAvg=0.000244041 m/s  uMax=0.000483026 m/s  B_yy=9.76164e-17 m^2
[getResults] iT=41200 t=1.07292e-08  Qy=3.80704e-18 m^3/s  qy=9.76164e-05 m/s  uAvg=0.000244041 m/s  uMax=0.000483026 m/s  B_yy=9.76164e-17 m^2
[getResults] iT=41400 t=1.07812e-08  Qy=3.80704e-18 m^3/s  qy=9.76164e-05 m/s  uAvg=0.000244041 m/s  uMax=0.000483026 m/s  B_yy=9.76164e-17 m^2
[getResults] iT=41600 t=1.08333e-08  Qy=3.80704e-18 m^3/s  qy=9.76164e-05 m/s  uAvg=0.000244041 m/s  uMax=0.000483026 m/s  B_yy=9.76164e-17 m^2
[getResults] iT=41800 t=1.08854e-08  Qy=3.80704e-18 m^3/s  qy=9.76164e-05 m/s  uAvg=0.000244041 m/s  uMax=0.000483026 m/s  B_yy=9.76164e-17 m^2
[getResults] iT=42000 t=1.09375e-08  Qy=3.80704e-18 m^3/s  qy=9.76164e-05 m/s  uAvg=0.000244041 m/s  uMax=0.000483026 m/s  B_yy=9.76164e-17 m^2
[getResults] iT=42200 t=1.09896e-08  Qy=3.80704e-18 m^3/s  qy=9.76164e-05 m/s  uAvg=0.000244041 m/s  uMax=0.000483026 m/s  B_yy=9.76164e-17 m^2
[getResults] iT=42400 t=1.10417e-08  Qy=3.80704e-18 m^3/s  qy=9.76164e-05 m/s  uAvg=0.000244041 m/s  uMax=0.000483026 m/s  B_yy=9.76164e-17 m^2
[getResults] iT=42600 t=1.10937e-08  Qy=3.80704e-18 m^3/s  qy=9.76164e-05 m/s  uAvg=0.000244041 m/s  uMax=0.000483026 m/s  B_yy=9.76164e-17 m^2
[getResults] iT=42800 t=1.11458e-08  Qy=3.80704e-18 m^3/s  qy=9.76164e-05 m/s  uAvg=0.000244041 m/s  uMax=0.000483026 m/s  B_yy=9.76164e-17 m^2
[getResults] iT=43000 t=1.11979e-08  Qy=3.80704e-18 m^3/s  qy=9.76164e-05 m/s  uAvg=0.000244041 m/s  uMax=0.000483026 m/s  B_yy=9.76164e-17 m^2
[getResults] iT=43200 t=1.125e-08  Qy=3.80704e-18 m^3/s  qy=9.76164e-05 m/s  uAvg=0.000244041 m/s  uMax=0.000483026 m/s  B_yy=9.76164e-17 m^2
[getResults] iT=43400 t=1.13021e-08  Qy=3.80704e-18 m^3/s  qy=9.76164e-05 m/s  uAvg=0.000244041 m/s  uMax=0.000483026 m/s  B_yy=9.76164e-17 m^2
[getResults] iT=43600 t=1.13542e-08  Qy=3.80704e-18 m^3/s  qy=9.76164e-05 m/s  uAvg=0.000244041 m/s  uMax=0.000483026 m/s  B_yy=9.76164e-17 m^2
[getResults] iT=43800 t=1.14062e-08  Qy=3.80704e-18 m^3/s  qy=9.76164e-05 m/s  uAvg=0.000244041 m/s  uMax=0.000483026 m/s  B_yy=9.76164e-17 m^2
[getResults] iT=44000 t=1.14583e-08  Qy=3.80704e-18 m^3/s  qy=9.76164e-05 m/s  uAvg=0.000244041 m/s  uMax=0.000483026 m/s  B_yy=9.76164e-17 m^2
[getResults] iT=44200 t=1.15104e-08  Qy=3.80704e-18 m^3/s  qy=9.76164e-05 m/s  uAvg=0.000244041 m/s  uMax=0.000483026 m/s  B_yy=9.76164e-17 m^2
[getResults] iT=44400 t=1.15625e-08  Qy=3.80704e-18 m^3/s  qy=9.76164e-05 m/s  uAvg=0.000244041 m/s  uMax=0.000483026 m/s  B_yy=9.76164e-17 m^2
[getResults] iT=44600 t=1.16146e-08  Qy=3.80704e-18 m^3/s  qy=9.76164e-05 m/s  uAvg=0.000244041 m/s  uMax=0.000483026 m/s  B_yy=9.76164e-17 m^2
[getResults] iT=44800 t=1.16667e-08  Qy=3.80704e-18 m^3/s  qy=9.76164e-05 m/s  uAvg=0.000244041 m/s  uMax=0.000483026 m/s  B_yy=9.76164e-17 m^2
[getResults] iT=45000 t=1.17187e-08  Qy=3.80704e-18 m^3/s  qy=9.76164e-05 m/s  uAvg=0.000244041 m/s  uMax=0.000483026 m/s  B_yy=9.76164e-17 m^2
[getResults] iT=45200 t=1.17708e-08  Qy=3.80704e-18 m^3/s  qy=9.76164e-05 m/s  uAvg=0.000244041 m/s  uMax=0.000483026 m/s  B_yy=9.76164e-17 m^2
[getResults] iT=45400 t=1.18229e-08  Qy=3.80704e-18 m^3/s  qy=9.76164e-05 m/s  uAvg=0.000244041 m/s  uMax=0.000483026 m/s  B_yy=9.76164e-17 m^2
[getResults] iT=45600 t=1.1875e-08  Qy=3.80704e-18 m^3/s  qy=9.76164e-05 m/s  uAvg=0.000244041 m/s  uMax=0.000483026 m/s  B_yy=9.76164e-17 m^2
[getResults] iT=45800 t=1.19271e-08  Qy=3.80704e-18 m^3/s  qy=9.76164e-05 m/s  uAvg=0.000244041 m/s  uMax=0.000483026 m/s  B_yy=9.76164e-17 m^2
[getResults] iT=46000 t=1.19792e-08  Qy=3.80704e-18 m^3/s  qy=9.76164e-05 m/s  uAvg=0.000244041 m/s  uMax=0.000483026 m/s  B_yy=9.76164e-17 m^2
[getResults] iT=46200 t=1.20312e-08  Qy=3.80704e-18 m^3/s  qy=9.76164e-05 m/s  uAvg=0.000244041 m/s  uMax=0.000483026 m/s  B_yy=9.76164e-17 m^2
[getResults] iT=46400 t=1.20833e-08  Qy=3.80704e-18 m^3/s  qy=9.76164e-05 m/s  uAvg=0.000244041 m/s  uMax=0.000483026 m/s  B_yy=9.76164e-17 m^2
[getResults] iT=46600 t=1.21354e-08  Qy=3.80704e-18 m^3/s  qy=9.76164e-05 m/s  uAvg=0.000244041 m/s  uMax=0.000483026 m/s  B_yy=9.76164e-17 m^2
[getResults] iT=46800 t=1.21875e-08  Qy=3.80704e-18 m^3/s  qy=9.76164e-05 m/s  uAvg=0.000244041 m/s  uMax=0.000483026 m/s  B_yy=9.76164e-17 m^2
[getResults] iT=47000 t=1.22396e-08  Qy=3.80704e-18 m^3/s  qy=9.76164e-05 m/s  uAvg=0.000244041 m/s  uMax=0.000483026 m/s  B_yy=9.76164e-17 m^2
[getResults] iT=47200 t=1.22917e-08  Qy=3.80704e-18 m^3/s  qy=9.76164e-05 m/s  uAvg=0.000244041 m/s  uMax=0.000483026 m/s  B_yy=9.76164e-17 m^2
[getResults] iT=47400 t=1.23437e-08  Qy=3.80704e-18 m^3/s  qy=9.76164e-05 m/s  uAvg=0.000244041 m/s  uMax=0.000483026 m/s  B_yy=9.76164e-17 m^2
[getResults] iT=47600 t=1.23958e-08  Qy=3.80704e-18 m^3/s  qy=9.76164e-05 m/s  uAvg=0.000244041 m/s  uMax=0.000483026 m/s  B_yy=9.76164e-17 m^2
[getResults] iT=47800 t=1.24479e-08  Qy=3.80704e-18 m^3/s  qy=9.76164e-05 m/s  uAvg=0.000244041 m/s  uMax=0.000483026 m/s  B_yy=9.76164e-17 m^2
[getResults] iT=48000 t=1.25e-08  Qy=3.80704e-18 m^3/s  qy=9.76164e-05 m/s  uAvg=0.000244041 m/s  uMax=0.000483026 m/s  B_yy=9.76164e-17 m^2
[getResults] iT=48200 t=1.25521e-08  Qy=3.80704e-18 m^3/s  qy=9.76164e-05 m/s  uAvg=0.000244041 m/s  uMax=0.000483026 m/s  B_yy=9.76164e-17 m^2
[getResults] iT=48400 t=1.26042e-08  Qy=3.80704e-18 m^3/s  qy=9.76164e-05 m/s  uAvg=0.000244041 m/s  uMax=0.000483026 m/s  B_yy=9.76164e-17 m^2
[getResults] iT=48600 t=1.26562e-08  Qy=3.80704e-18 m^3/s  qy=9.76164e-05 m/s  uAvg=0.000244041 m/s  uMax=0.000483026 m/s  B_yy=9.76164e-17 m^2
[getResults] iT=48800 t=1.27083e-08  Qy=3.80704e-18 m^3/s  qy=9.76164e-05 m/s  uAvg=0.000244041 m/s  uMax=0.000483026 m/s  B_yy=9.76164e-17 m^2
[getResults] iT=49000 t=1.27604e-08  Qy=3.80704e-18 m^3/s  qy=9.76164e-05 m/s  uAvg=0.000244041 m/s  uMax=0.000483026 m/s  B_yy=9.76164e-17 m^2
[getResults] iT=49200 t=1.28125e-08  Qy=3.80704e-18 m^3/s  qy=9.76164e-05 m/s  uAvg=0.000244041 m/s  uMax=0.000483026 m/s  B_yy=9.76164e-17 m^2
[getResults] iT=49400 t=1.28646e-08  Qy=3.80704e-18 m^3/s  qy=9.76164e-05 m/s  uAvg=0.000244041 m/s  uMax=0.000483026 m/s  B_yy=9.76164e-17 m^2
[getResults] iT=49600 t=1.29167e-08  Qy=3.80704e-18 m^3/s  qy=9.76164e-05 m/s  uAvg=0.000244041 m/s  uMax=0.000483026 m/s  B_yy=9.76164e-17 m^2
[getResults] iT=49800 t=1.29687e-08  Qy=3.80704e-18 m^3/s  qy=9.76164e-05 m/s  uAvg=0.000244041 m/s  uMax=0.000483026 m/s  B_yy=9.76164e-17 m^2
[getResults] iT=50000 t=1.30208e-08  Qy=3.80704e-18 m^3/s  qy=9.76164e-05 m/s  uAvg=0.000244041 m/s  uMax=0.000483026 m/s  B_yy=9.76164e-17 m^2
[getResults] iT=50200 t=1.30729e-08  Qy=3.80704e-18 m^3/s  qy=9.76164e-05 m/s  uAvg=0.000244041 m/s  uMax=0.000483026 m/s  B_yy=9.76164e-17 m^2
[getResults] iT=50400 t=1.3125e-08  Qy=3.80704e-18 m^3/s  qy=9.76164e-05 m/s  uAvg=0.000244041 m/s  uMax=0.000483026 m/s  B_yy=9.76164e-17 m^2
[getResults] iT=50600 t=1.31771e-08  Qy=3.80704e-18 m^3/s  qy=9.76164e-05 m/s  uAvg=0.000244041 m/s  uMax=0.000483026 m/s  B_yy=9.76164e-17 m^2
[getResults] iT=50800 t=1.32292e-08  Qy=3.80704e-18 m^3/s  qy=9.76164e-05 m/s  uAvg=0.000244041 m/s  uMax=0.000483026 m/s  B_yy=9.76164e-17 m^2
[getResults] iT=51000 t=1.32812e-08  Qy=3.80704e-18 m^3/s  qy=9.76164e-05 m/s  uAvg=0.000244041 m/s  uMax=0.000483026 m/s  B_yy=9.76164e-17 m^2
[getResults] iT=51200 t=1.33333e-08  Qy=3.80704e-18 m^3/s  qy=9.76164e-05 m/s  uAvg=0.000244041 m/s  uMax=0.000483026 m/s  B_yy=9.76164e-17 m^2
[getResults] iT=51400 t=1.33854e-08  Qy=3.80704e-18 m^3/s  qy=9.76164e-05 m/s  uAvg=0.000244041 m/s  uMax=0.000483026 m/s  B_yy=9.76164e-17 m^2
[getResults] iT=51600 t=1.34375e-08  Qy=3.80704e-18 m^3/s  qy=9.76164e-05 m/s  uAvg=0.000244041 m/s  uMax=0.000483026 m/s  B_yy=9.76164e-17 m^2
[getResults] iT=51800 t=1.34896e-08  Qy=3.80704e-18 m^3/s  qy=9.76164e-05 m/s  uAvg=0.000244041 m/s  uMax=0.000483026 m/s  B_yy=9.76164e-17 m^2
[getResults] iT=52000 t=1.35417e-08  Qy=3.80704e-18 m^3/s  qy=9.76164e-05 m/s  uAvg=0.000244041 m/s  uMax=0.000483026 m/s  B_yy=9.76164e-17 m^2
[getResults] iT=52200 t=1.35937e-08  Qy=3.80704e-18 m^3/s  qy=9.76164e-05 m/s  uAvg=0.000244041 m/s  uMax=0.000483026 m/s  B_yy=9.76164e-17 m^2
[getResults] iT=52400 t=1.36458e-08  Qy=3.80704e-18 m^3/s  qy=9.76164e-05 m/s  uAvg=0.000244041 m/s  uMax=0.000483026 m/s  B_yy=9.76164e-17 m^2
[getResults] iT=52600 t=1.36979e-08  Qy=3.80704e-18 m^3/s  qy=9.76164e-05 m/s  uAvg=0.000244041 m/s  uMax=0.000483026 m/s  B_yy=9.76164e-17 m^2
[getResults] iT=52800 t=1.375e-08  Qy=3.80704e-18 m^3/s  qy=9.76164e-05 m/s  uAvg=0.000244041 m/s  uMax=0.000483026 m/s  B_yy=9.76164e-17 m^2
[getResults] iT=53000 t=1.38021e-08  Qy=3.80704e-18 m^3/s  qy=9.76164e-05 m/s  uAvg=0.000244041 m/s  uMax=0.000483026 m/s  B_yy=9.76164e-17 m^2
[getResults] iT=53200 t=1.38542e-08  Qy=3.80704e-18 m^3/s  qy=9.76164e-05 m/s  uAvg=0.000244041 m/s  uMax=0.000483026 m/s  B_yy=9.76164e-17 m^2
[getResults] iT=53400 t=1.39062e-08  Qy=3.80704e-18 m^3/s  qy=9.76164e-05 m/s  uAvg=0.000244041 m/s  uMax=0.000483026 m/s  B_yy=9.76164e-17 m^2
[getResults] iT=53600 t=1.39583e-08  Qy=3.80704e-18 m^3/s  qy=9.76164e-05 m/s  uAvg=0.000244041 m/s  uMax=0.000483026 m/s  B_yy=9.76164e-17 m^2
[getResults] iT=53800 t=1.40104e-08  Qy=3.80704e-18 m^3/s  qy=9.76164e-05 m/s  uAvg=0.000244041 m/s  uMax=0.000483026 m/s  B_yy=9.76164e-17 m^2
[getResults] iT=54000 t=1.40625e-08  Qy=3.80704e-18 m^3/s  qy=9.76164e-05 m/s  uAvg=0.000244041 m/s  uMax=0.000483026 m/s  B_yy=9.76164e-17 m^2
[getResults] iT=54200 t=1.41146e-08  Qy=3.80704e-18 m^3/s  qy=9.76164e-05 m/s  uAvg=0.000244041 m/s  uMax=0.000483026 m/s  B_yy=9.76164e-17 m^2
[getResults] iT=54400 t=1.41667e-08  Qy=3.80704e-18 m^3/s  qy=9.76164e-05 m/s  uAvg=0.000244041 m/s  uMax=0.000483026 m/s  B_yy=9.76164e-17 m^2
[getResults] iT=54600 t=1.42187e-08  Qy=3.80704e-18 m^3/s  qy=9.76164e-05 m/s  uAvg=0.000244041 m/s  uMax=0.000483026 m/s  B_yy=9.76164e-17 m^2
[getResults] iT=54800 t=1.42708e-08  Qy=3.80704e-18 m^3/s  qy=9.76164e-05 m/s  uAvg=0.000244041 m/s  uMax=0.000483026 m/s  B_yy=9.76164e-17 m^2
[getResults] iT=55000 t=1.43229e-08  Qy=3.80704e-18 m^3/s  qy=9.76164e-05 m/s  uAvg=0.000244041 m/s  uMax=0.000483026 m/s  B_yy=9.76164e-17 m^2
[getResults] iT=55200 t=1.4375e-08  Qy=3.80704e-18 m^3/s  qy=9.76164e-05 m/s  uAvg=0.000244041 m/s  uMax=0.000483026 m/s  B_yy=9.76164e-17 m^2
[getResults] iT=55400 t=1.44271e-08  Qy=3.80704e-18 m^3/s  qy=9.76164e-05 m/s  uAvg=0.000244041 m/s  uMax=0.000483026 m/s  B_yy=9.76164e-17 m^2
[getResults] iT=55600 t=1.44792e-08  Qy=3.80704e-18 m^3/s  qy=9.76164e-05 m/s  uAvg=0.000244041 m/s  uMax=0.000483026 m/s  B_yy=9.76164e-17 m^2
[getResults] iT=55800 t=1.45312e-08  Qy=3.80704e-18 m^3/s  qy=9.76164e-05 m/s  uAvg=0.000244041 m/s  uMax=0.000483026 m/s  B_yy=9.76164e-17 m^2
[getResults] iT=56000 t=1.45833e-08  Qy=3.80704e-18 m^3/s  qy=9.76164e-05 m/s  uAvg=0.000244041 m/s  uMax=0.000483026 m/s  B_yy=9.76164e-17 m^2
[getResults] iT=56200 t=1.46354e-08  Qy=3.80704e-18 m^3/s  qy=9.76164e-05 m/s  uAvg=0.000244041 m/s  uMax=0.000483026 m/s  B_yy=9.76164e-17 m^2
[getResults] iT=56400 t=1.46875e-08  Qy=3.80704e-18 m^3/s  qy=9.76164e-05 m/s  uAvg=0.000244041 m/s  uMax=0.000483026 m/s  B_yy=9.76164e-17 m^2
[getResults] iT=56600 t=1.47396e-08  Qy=3.80704e-18 m^3/s  qy=9.76164e-05 m/s  uAvg=0.000244041 m/s  uMax=0.000483026 m/s  B_yy=9.76164e-17 m^2
[getResults] iT=56800 t=1.47917e-08  Qy=3.80704e-18 m^3/s  qy=9.76164e-05 m/s  uAvg=0.000244041 m/s  uMax=0.000483026 m/s  B_yy=9.76164e-17 m^2
[getResults] iT=57000 t=1.48437e-08  Qy=3.80704e-18 m^3/s  qy=9.76164e-05 m/s  uAvg=0.000244041 m/s  uMax=0.000483026 m/s  B_yy=9.76164e-17 m^2
[getResults] iT=57200 t=1.48958e-08  Qy=3.80704e-18 m^3/s  qy=9.76164e-05 m/s  uAvg=0.000244041 m/s  uMax=0.000483026 m/s  B_yy=9.76164e-17 m^2
[getResults] iT=57400 t=1.49479e-08  Qy=3.80704e-18 m^3/s  qy=9.76164e-05 m/s  uAvg=0.000244041 m/s  uMax=0.000483026 m/s  B_yy=9.76164e-17 m^2
[getResults] iT=57600 t=1.5e-08  Qy=3.80704e-18 m^3/s  qy=9.76164e-05 m/s  uAvg=0.000244041 m/s  uMax=0.000483026 m/s  B_yy=9.76164e-17 m^2
[getResults] iT=57800 t=1.50521e-08  Qy=3.80704e-18 m^3/s  qy=9.76164e-05 m/s  uAvg=0.000244041 m/s  uMax=0.000483026 m/s  B_yy=9.76164e-17 m^2
[getResults] iT=58000 t=1.51042e-08  Qy=3.80704e-18 m^3/s  qy=9.76164e-05 m/s  uAvg=0.000244041 m/s  uMax=0.000483026 m/s  B_yy=9.76164e-17 m^2
[getResults] iT=58200 t=1.51562e-08  Qy=3.80704e-18 m^3/s  qy=9.76164e-05 m/s  uAvg=0.000244041 m/s  uMax=0.000483026 m/s  B_yy=9.76164e-17 m^2
[getResults] iT=58400 t=1.52083e-08  Qy=3.80704e-18 m^3/s  qy=9.76164e-05 m/s  uAvg=0.000244041 m/s  uMax=0.000483026 m/s  B_yy=9.76164e-17 m^2
[getResults] iT=58600 t=1.52604e-08  Qy=3.80704e-18 m^3/s  qy=9.76164e-05 m/s  uAvg=0.000244041 m/s  uMax=0.000483026 m/s  B_yy=9.76164e-17 m^2
[getResults] iT=58800 t=1.53125e-08  Qy=3.80704e-18 m^3/s  qy=9.76164e-05 m/s  uAvg=0.000244041 m/s  uMax=0.000483026 m/s  B_yy=9.76164e-17 m^2
[getResults] iT=59000 t=1.53646e-08  Qy=3.80704e-18 m^3/s  qy=9.76164e-05 m/s  uAvg=0.000244041 m/s  uMax=0.000483026 m/s  B_yy=9.76164e-17 m^2
[getResults] iT=59200 t=1.54167e-08  Qy=3.80704e-18 m^3/s  qy=9.76164e-05 m/s  uAvg=0.000244041 m/s  uMax=0.000483026 m/s  B_yy=9.76164e-17 m^2
[getResults] iT=59400 t=1.54687e-08  Qy=3.80704e-18 m^3/s  qy=9.76164e-05 m/s  uAvg=0.000244041 m/s  uMax=0.000483026 m/s  B_yy=9.76164e-17 m^2
[getResults] iT=59600 t=1.55208e-08  Qy=3.80704e-18 m^3/s  qy=9.76164e-05 m/s  uAvg=0.000244041 m/s  uMax=0.000483026 m/s  B_yy=9.76164e-17 m^2
[getResults] iT=59800 t=1.55729e-08  Qy=3.80704e-18 m^3/s  qy=9.76164e-05 m/s  uAvg=0.000244041 m/s  uMax=0.000483026 m/s  B_yy=9.76164e-17 m^2
[getResults] iT=60000 t=1.5625e-08  Qy=3.80704e-18 m^3/s  qy=9.76164e-05 m/s  uAvg=0.000244041 m/s  uMax=0.000483026 m/s  B_yy=9.76164e-17 m^2
[getResults] iT=60200 t=1.56771e-08  Qy=3.80704e-18 m^3/s  qy=9.76164e-05 m/s  uAvg=0.000244041 m/s  uMax=0.000483026 m/s  B_yy=9.76164e-17 m^2
[getResults] iT=60400 t=1.57292e-08  Qy=3.80704e-18 m^3/s  qy=9.76164e-05 m/s  uAvg=0.000244041 m/s  uMax=0.000483026 m/s  B_yy=9.76164e-17 m^2
[getResults] iT=60600 t=1.57812e-08  Qy=3.80704e-18 m^3/s  qy=9.76164e-05 m/s  uAvg=0.000244041 m/s  uMax=0.000483026 m/s  B_yy=9.76164e-17 m^2
[getResults] iT=60800 t=1.58333e-08  Qy=3.80704e-18 m^3/s  qy=9.76164e-05 m/s  uAvg=0.000244041 m/s  uMax=0.000483026 m/s  B_yy=9.76164e-17 m^2
[getResults] iT=61000 t=1.58854e-08  Qy=3.80704e-18 m^3/s  qy=9.76164e-05 m/s  uAvg=0.000244041 m/s  uMax=0.000483026 m/s  B_yy=9.76164e-17 m^2
[getResults] iT=61200 t=1.59375e-08  Qy=3.80704e-18 m^3/s  qy=9.76164e-05 m/s  uAvg=0.000244041 m/s  uMax=0.000483026 m/s  B_yy=9.76164e-17 m^2
[getResults] iT=61222 t=1.59432e-08  Qy=3.80704e-18 m^3/s  qy=9.76164e-05 m/s  uAvg=0.000244041 m/s  uMax=0.000483026 m/s  B_yy=9.76164e-17 m^2
[simulate] Simulation converged at iT=61222
[Timer] 
[Timer] ----------------Summary:Timer----------------
[Timer] measured time (rt) : 3358.405s
[Timer] measured time (cpu): 3323.467s
[Timer] ---------------------------------------------
[simulate] 
===== RESULT (body-force-driven equivalent) =====
[simulate] a_y (prescribed)     [m/s^2]     = 1e+06
[simulate] rho*a_y = -dp/dy     [Pa/m]      = 1e+09
[simulate] dp/dy = -rho*a_y     [Pa/m]      = -1e+09
[simulate] Q_y  [m^3/s]                      = 3.80704e-18
[simulate] q_y  [m/s]                        = 9.76164e-05
[simulate] u_y_fluid_average [m/s]           = 0.000244041
[simulate] u_y_fluid_max     [m/s]           = 0.000483026
[simulate] Re (D_h, u_fluid_avg)  [-]        = 2.05786e-05
[simulate] mu   [Pa.s]                       = 0.001
[simulate] mass_relative_error    [-]        = 3.33067e-15
[simulate] B_yy [m^2]                        = 9.76164e-17
[simulate] B_yy [nm^2]                       = 97.6164
[simulate] ==================================================
[simulate] Wrote formal results to final_results_fine.txt
