
    ┃
    ┃  ┏━━━━┓      ▁▁▁▁                   ▁▁    ▁▁▁▁
    ┃  ┃    ┃     ╱ ▁▁ ╲▁▁▁▁  ▁▁▁  ▁▁▁▁  ╱ ╱   ╱ ▁▁ ╲
 ┏━━╋━┓┃    ┃    ╱ ╱ ╱ ╱ ▁▁ ╲╱ ▁ ╲╱ ▁▁ ╲╱ ╱   ╱ ╱▁╱ ╱
 ┃  ┗━╋╋━━━━┻┓  ╱ ╱▁╱ ╱ ╱▁╱ ╱  ▁▁╱ ╱ ╱ ╱ ╱▁▁▁╱ ╱▁╱ ╱
 ┃    ┃┃     ┃  ╲▁▁▁▁╱ ▁▁▁▁╱╲▁▁▁╱▁╱ ╱▁╱▁▁▁▁▁╱▁▁▁▁▁╱
 ┗━━━━┛┃     ┃      ╱▁╱ ==========================>>
       ┗━━━━━┛

[initialize] Version  : 5953d8a-dirty
[initialize] Platform : CPU_SISD
[initialize] Parallel : MPI
[initialize] MPI      : 1 ranks
[ThreadPool] Sucessfully initialized, numThreads=1
[Directories] Directory ./tmp/ created.
[Directories] Directory ./tmp/imageData/ created.
[Directories] Directory ./tmp/imageData/data/ created.
[Directories] Directory ./tmp/vtkData/ created.
[Directories] Directory ./tmp/vtkData/data/ created.
[Directories] Directory ./tmp/gnuplotData/ created.
[Directories] Directory ./tmp/gnuplotData/data/ created.
[Directories] Directory ./tmp/introspectionData/ created.
[Directories] Directory output/sim_ec1xt240_right_angle_h75_dx5_a1e5_short-x_20260909/imageData/ created.
[Directories] Directory output/sim_ec1xt240_right_angle_h75_dx5_a1e5_short-x_20260909/imageData/data/ created.
[Directories] Directory output/sim_ec1xt240_right_angle_h75_dx5_a1e5_short-x_20260909/vtkData/ created.
[Directories] Directory output/sim_ec1xt240_right_angle_h75_dx5_a1e5_short-x_20260909/vtkData/data/ created.
[Directories] Directory output/sim_ec1xt240_right_angle_h75_dx5_a1e5_short-x_20260909/gnuplotData/ created.
[Directories] Directory output/sim_ec1xt240_right_angle_h75_dx5_a1e5_short-x_20260909/gnuplotData/data/ created.
[Directories] Directory output/sim_ec1xt240_right_angle_h75_dx5_a1e5_short-x_20260909/introspectionData/ created.
sim_ec1xt240_right_angle_h75_dx5_a1e5_short-x_20260909 PASS=1 step=100
