
    ┃
    ┃  ┏━━━━┓      ▁▁▁▁                   ▁▁    ▁▁▁▁
    ┃  ┃    ┃     ╱ ▁▁ ╲▁▁▁▁  ▁▁▁  ▁▁▁▁  ╱ ╱   ╱ ▁▁ ╲
 ┏━━╋━┓┃    ┃    ╱ ╱ ╱ ╱ ▁▁ ╲╱ ▁ ╲╱ ▁▁ ╲╱ ╱   ╱ ╱▁╱ ╱
 ┃  ┗━╋╋━━━━┻┓  ╱ ╱▁╱ ╱ ╱▁╱ ╱  ▁▁╱ ╱ ╱ ╱ ╱▁▁▁╱ ╱▁╱ ╱
 ┃    ┃┃     ┃  ╲▁▁▁▁╱ ▁▁▁▁╱╲▁▁▁╱▁╱ ╱▁╱▁▁▁▁▁╱▁▁▁▁▁╱
 ┗━━━━┛┃     ┃      ╱▁╱ ==========================>>
       ┗━━━━━┛

[initialize] Version  : 5953d8a-dirty
[initialize] Platform : CPU_SISD
[initialize] Parallel : MPI
[initialize] MPI      : 1 ranks
[ThreadPool] Sucessfully initialized, numThreads=1
[Directories] Directory output/first_material_conversion_0to3nm_v3_20260909/imageData/ created.
[Directories] Directory output/first_material_conversion_0to3nm_v3_20260909/imageData/data/ created.
[Directories] Directory output/first_material_conversion_0to3nm_v3_20260909/vtkData/ created.
[Directories] Directory output/first_material_conversion_0to3nm_v3_20260909/vtkData/data/ created.
[Directories] Directory output/first_material_conversion_0to3nm_v3_20260909/gnuplotData/ created.
[Directories] Directory output/first_material_conversion_0to3nm_v3_20260909/gnuplotData/data/ created.
[Directories] Directory output/first_material_conversion_0to3nm_v3_20260909/introspectionData/ created.
--------------------------------------------------------------------------
Primary job  terminated normally, but 1 process returned
a non-zero exit code. Per user-direction, the job has been aborted.
--------------------------------------------------------------------------
--------------------------------------------------------------------------
mpirun detected that one or more processes exited with non-zero status, thus causing
the job to be terminated. The first process to do so was:

  Process name: [[26103,1],0]
  Exit code:    3
--------------------------------------------------------------------------
