
    ┃
    ┃  ┏━━━━┓      ▁▁▁▁                   ▁▁    ▁▁▁▁
    ┃  ┃    ┃     ╱ ▁▁ ╲▁▁▁▁  ▁▁▁  ▁▁▁▁  ╱ ╱   ╱ ▁▁ ╲
 ┏━━╋━┓┃    ┃    ╱ ╱ ╱ ╱ ▁▁ ╲╱ ▁ ╲╱ ▁▁ ╲╱ ╱   ╱ ╱▁╱ ╱
 ┃  ┗━╋╋━━━━┻┓  ╱ ╱▁╱ ╱ ╱▁╱ ╱  ▁▁╱ ╱ ╱ ╱ ╱▁▁▁╱ ╱▁╱ ╱
 ┃    ┃┃     ┃  ╲▁▁▁▁╱ ▁▁▁▁╱╲▁▁▁╱▁╱ ╱▁╱▁▁▁▁▁╱▁▁▁▁▁╱
 ┗━━━━┛┃     ┃      ╱▁╱ ==========================>>
       ┗━━━━━┛

[initialize] Version  : 5953d8a-dirty
[initialize] Platform : CPU_SISD
[initialize] Parallel : MPI
[initialize] MPI      : 1 ranks
[ThreadPool] Sucessfully initialized, numThreads=1
[Directories] Directory output/conversion_root_cause_diag_v1_20260908/imageData/ created.
[Directories] Directory output/conversion_root_cause_diag_v1_20260908/imageData/data/ created.
[Directories] Directory output/conversion_root_cause_diag_v1_20260908/vtkData/ created.
[Directories] Directory output/conversion_root_cause_diag_v1_20260908/vtkData/data/ created.
[Directories] Directory output/conversion_root_cause_diag_v1_20260908/gnuplotData/ created.
[Directories] Directory output/conversion_root_cause_diag_v1_20260908/gnuplotData/data/ created.
[Directories] Directory output/conversion_root_cause_diag_v1_20260908/introspectionData/ created.
